/tmp/openllet/tools-cli/src/main/java/openllet/OpenlletEntailment.java
/tmp/openllet/tools-cli/src/main/java/openllet/OpenlletRealize.java
/tmp/openllet/tools-cli/src/main/java/openllet/OpenlletCmdOptions.java
/tmp/openllet/tools-cli/src/main/java/openllet/OpenlletCmdException.java
/tmp/openllet/tools-cli/src/main/java/openllet/OpenlletExceptionFormatter.java
/tmp/openllet/tools-cli/src/main/java/openllet/OpenlletConsistency.java
/tmp/openllet/tools-cli/src/main/java/openllet/OpenlletInfo.java
/tmp/openllet/tools-cli/src/main/java/openllet/OpenlletTransTree.java
/tmp/openllet/tools-cli/src/main/java/openllet/OpenlletUnsatisfiable.java
/tmp/openllet/tools-cli/src/main/java/openllet/OpenlletCmdOption.java
/tmp/openllet/tools-cli/src/main/java/openllet/Openllint.java
/tmp/openllet/tools-cli/src/main/java/openllet/OpenlletModularity.java
/tmp/openllet/tools-cli/src/main/java/openllet/OpenlletCmdApp.java
/tmp/openllet/tools-cli/src/main/java/openllet/OpenlletExplain.java
/tmp/openllet/tools-cli/src/main/java/openllet/OpenlletCmdOptionArg.java
/tmp/openllet/tools-cli/src/main/java/openllet/OpenlletClassify.java
/tmp/openllet/tools-cli/src/main/java/openllet/OpenlletQuery.java
/tmp/openllet/tools-cli/src/main/java/openllet/Openllet.java
/tmp/openllet/tools-cli/src/main/java/openllet/OpenlletExtractInferences.java
